// Jest Snapshot v1, https://goo.gl/fbAQLP

exports[`renders LandingPage component correctly 1`] = `ShallowWrapper {}`;
